// Jest Snapshot v1, https://goo.gl/fbAQLP

exports[`common > <PageBase> <Header> <Footer> Component Snapshot Testing <Footer> 1`] = `
<footer
  className="flex text-sm py-1 px-2 justify-between"
>
  <span>
    This is footer
  </span>
  <span>
    0.0.0-D
  </span>
</footer>
`;
