// Jest Snapshot v1, https://goo.gl/fbAQLP

exports[`partials > <HomePage> Component Snapshot Testing <HomePage> 1`] = `
<PageLayout>
  <h1
    className="text-3xl font-bold"
  >
    Work in progress
  </h1>
</PageLayout>
`;
