// Jest Snapshot v1, https://goo.gl/fbAQLP

exports[`common > <PageBase> Component Snapshot Testing <PageBase> 1`] = `
<div>
  <Header />
  <Footer />
</div>
`;
