// Jest Snapshot v1, https://goo.gl/fbAQLP

exports[`common > <PageBase> <Header> Component Snapshot Testing <Header> 1`] = `
<header>
  This is Header
</header>
`;
